Java HotSpot(TM) 64-Bit Server VM (25.212-b10) for windows-amd64 JRE (1.8.0_212-b10), built on Apr  1 2019 22:50:23 by "java_re" with MS VC++ 10.0 (VS2010)
Memory: 4k page, physical 16633200k(8654576k free), swap 27118960k(17577444k free)
CommandLine flags: -XX:InitialHeapSize=2147483648 -XX:MaxHeapSize=2147483648 -XX:+PrintGC -XX:+PrintGCDetails -XX:+PrintGCTimeStamps -XX:+UseCompressedClassPointers -XX:+UseCompressedOops -XX:-UseLargePagesIndividualAllocation -XX:+UseSerialGC 
0.360: [GC (Allocation Failure) 0.360: [DefNew: 559197K->69888K(629120K), 0.0776998 secs] 559197K->155896K(2027264K), 0.0778728 secs] [Times: user=0.01 sys=0.06, real=0.08 secs] 
0.522: [GC (Allocation Failure) 0.522: [DefNew: 629120K->69888K(629120K), 0.0912822 secs] 715128K->281962K(2027264K), 0.1105204 secs] [Times: user=0.05 sys=0.05, real=0.11 secs] 
0.713: [GC (Allocation Failure) 0.714: [DefNew: 629120K->69888K(629120K), 0.0680845 secs] 841194K->402768K(2027264K), 0.0681572 secs] [Times: user=0.03 sys=0.05, real=0.07 secs] 
0.855: [GC (Allocation Failure) 0.855: [DefNew: 629120K->69887K(629120K), 0.0671630 secs] 962000K->522488K(2027264K), 0.0672381 secs] [Times: user=0.06 sys=0.01, real=0.07 secs] 
0.997: [GC (Allocation Failure) 0.997: [DefNew: 629119K->69887K(629120K), 0.0751073 secs] 1081720K->658543K(2027264K), 0.0751762 secs] [Times: user=0.05 sys=0.03, real=0.08 secs] 
Heap
 def new generation   total 629120K, used 150051K [0x0000000080000000, 0x00000000aaaa0000, 0x00000000aaaa0000)
  eden space 559232K,  14% used [0x0000000080000000, 0x0000000084e48ec8, 0x00000000a2220000)
  from space 69888K,  99% used [0x00000000a6660000, 0x00000000aaa9fe28, 0x00000000aaaa0000)
  to   space 69888K,   0% used [0x00000000a2220000, 0x00000000a2220000, 0x00000000a6660000)
 tenured generation   total 1398144K, used 588655K [0x00000000aaaa0000, 0x0000000100000000, 0x0000000100000000)
   the space 1398144K,  42% used [0x00000000aaaa0000, 0x00000000ce97bf08, 0x00000000ce97c000, 0x0000000100000000)
 Metaspace       used 2634K, capacity 4486K, committed 4864K, reserved 1056768K
  class space    used 291K, capacity 386K, committed 512K, reserved 1048576K
