Java HotSpot(TM) 64-Bit Server VM (25.212-b10) for windows-amd64 JRE (1.8.0_212-b10), built on Apr  1 2019 22:50:23 by "java_re" with MS VC++ 10.0 (VS2010)
Memory: 4k page, physical 16633200k(8665540k free), swap 27118960k(17586668k free)
CommandLine flags: -XX:InitialHeapSize=1073741824 -XX:MaxHeapSize=1073741824 -XX:+PrintGC -XX:+PrintGCDetails -XX:+PrintGCTimeStamps -XX:+UseCompressedClassPointers -XX:+UseCompressedOops -XX:-UseLargePagesIndividualAllocation -XX:+UseParallelGC 
0.217: [GC (Allocation Failure) [PSYoungGen: 262144K->43511K(305664K)] 262144K->78559K(1005056K), 0.0180089 secs] [Times: user=0.03 sys=0.03, real=0.02 secs] 
0.271: [GC (Allocation Failure) [PSYoungGen: 305084K->43515K(305664K)] 340132K->157160K(1005056K), 0.0270809 secs] [Times: user=0.03 sys=0.03, real=0.04 secs] 
0.356: [GC (Allocation Failure) [PSYoungGen: 305659K->43508K(305664K)] 419304K->227716K(1005056K), 0.0234894 secs] [Times: user=0.06 sys=0.00, real=0.02 secs] 
0.414: [GC (Allocation Failure) [PSYoungGen: 305459K->43508K(305664K)] 489667K->301436K(1005056K), 0.0244771 secs] [Times: user=0.06 sys=0.00, real=0.02 secs] 
0.473: [GC (Allocation Failure) [PSYoungGen: 305652K->43510K(305664K)] 563580K->380336K(1005056K), 0.0253365 secs] [Times: user=0.02 sys=0.05, real=0.02 secs] 
0.533: [GC (Allocation Failure) [PSYoungGen: 305654K->43501K(160256K)] 642480K->459910K(859648K), 0.0256295 secs] [Times: user=0.00 sys=0.06, real=0.02 secs] 
0.575: [GC (Allocation Failure) [PSYoungGen: 160237K->70817K(232960K)] 576646K->491775K(932352K), 0.0142963 secs] [Times: user=0.05 sys=0.01, real=0.01 secs] 
0.606: [GC (Allocation Failure) [PSYoungGen: 187553K->93656K(232960K)] 608511K->525962K(932352K), 0.0193091 secs] [Times: user=0.06 sys=0.00, real=0.02 secs] 
0.642: [GC (Allocation Failure) [PSYoungGen: 210392K->103880K(232960K)] 642698K->551215K(932352K), 0.0231396 secs] [Times: user=0.06 sys=0.00, real=0.02 secs] 
0.682: [GC (Allocation Failure) [PSYoungGen: 220587K->68844K(232960K)] 667922K->575527K(932352K), 0.0253003 secs] [Times: user=0.06 sys=0.06, real=0.02 secs] 
0.723: [GC (Allocation Failure) [PSYoungGen: 185580K->40851K(232960K)] 692263K->608763K(932352K), 0.0209048 secs] [Times: user=0.05 sys=0.02, real=0.02 secs] 
0.764: [GC (Allocation Failure) [PSYoungGen: 157587K->34257K(232960K)] 725499K->639684K(932352K), 0.0148297 secs] [Times: user=0.03 sys=0.03, real=0.01 secs] 
0.779: [Full GC (Ergonomics) [PSYoungGen: 34257K->0K(232960K)] [ParOldGen: 605426K->340166K(699392K)] 639684K->340166K(932352K), [Metaspace: 2628K->2628K(1056768K)], 0.0703614 secs] [Times: user=0.28 sys=0.01, real=0.07 secs] 
0.866: [GC (Allocation Failure) [PSYoungGen: 116736K->39908K(232960K)] 456902K->380075K(932352K), 0.0077127 secs] [Times: user=0.00 sys=0.00, real=0.01 secs] 
0.890: [GC (Allocation Failure) [PSYoungGen: 156644K->39200K(232960K)] 496811K->416909K(932352K), 0.0140819 secs] [Times: user=0.06 sys=0.00, real=0.02 secs] 
0.920: [GC (Allocation Failure) [PSYoungGen: 155428K->36719K(232960K)] 533136K->449953K(932352K), 0.0157002 secs] [Times: user=0.06 sys=0.00, real=0.02 secs] 
0.951: [GC (Allocation Failure) [PSYoungGen: 153455K->34299K(232960K)] 566689K->481065K(932352K), 0.0125628 secs] [Times: user=0.00 sys=0.00, real=0.01 secs] 
0.980: [GC (Allocation Failure) [PSYoungGen: 151035K->38274K(232960K)] 597801K->514950K(932352K), 0.0126829 secs] [Times: user=0.06 sys=0.00, real=0.02 secs] 
1.008: [GC (Allocation Failure) [PSYoungGen: 155010K->33441K(232960K)] 631686K->544083K(932352K), 0.0126291 secs] [Times: user=0.06 sys=0.00, real=0.02 secs] 
1.038: [GC (Allocation Failure) [PSYoungGen: 150153K->35552K(232960K)] 660795K->577539K(932352K), 0.0125435 secs] [Times: user=0.02 sys=0.00, real=0.02 secs] 
1.066: [GC (Allocation Failure) [PSYoungGen: 151921K->45585K(232960K)] 693908K->618989K(932352K), 0.0140448 secs] [Times: user=0.05 sys=0.00, real=0.02 secs] 
Heap
 PSYoungGen      total 232960K, used 50716K [0x00000000eab00000, 0x0000000100000000, 0x0000000100000000)
  eden space 116736K, 4% used [0x00000000eab00000,0x00000000eb002b20,0x00000000f1d00000)
  from space 116224K, 39% used [0x00000000f8e80000,0x00000000fbb04730,0x0000000100000000)
  to   space 116224K, 0% used [0x00000000f1d00000,0x00000000f1d00000,0x00000000f8e80000)
 ParOldGen       total 699392K, used 573403K [0x00000000c0000000, 0x00000000eab00000, 0x00000000eab00000)
  object space 699392K, 81% used [0x00000000c0000000,0x00000000e2ff6cd0,0x00000000eab00000)
 Metaspace       used 2634K, capacity 4486K, committed 4864K, reserved 1056768K
  class space    used 291K, capacity 386K, committed 512K, reserved 1048576K
